<?xml version="1.0" encoding="UTF-8"?>
<ecoReport>
    <ecoStat RevenuePerMile="0.9496675" SalesPersonName="David Allen"/>
    <ecoStat RevenuePerMile="4.572473" SalesPersonName="Lisa Crispin"/>
    <ecoStat RevenuePerMile="0.006417054" SalesPersonName="Ian Dees"/>
</ecoReport>
