<?xml version="1.0" encoding="UTF-8"?>
<ecoReport>
  <ecoStat SalespersonName="David Allen" RevenuePerMile="0.9496676" />
</ecoReport>
