<?xml version="1.0" encoding="UTF-8"?>
<ecoReport>
    <ecoStat RevenuePerMile="0.9496677" SalesPersonName="David Allen"/>
</ecoReport>
