<?xml version="1.0" encoding="UTF-8"?>
<ecoReport>
    <ecoStat RevenuePerMile="0.9496677" SalesPersonName="David Allen"/>
    <ecoStat RevenuePerMile="4.572474" SalesPersonName="Lisa Crispin"/>
    <ecoStat RevenuePerMile="0.006417055" SalesPersonName="Ian Dees"/>
</ecoReport>
