<?xml version="1.0" encoding="UTF-8"?>
<ecoReport>
  <ecoStat RevenuePerMile="0.9496676" SalespersonName="David Allen"/>
  <ecoStat RevenuePerMile="4.5724735" SalespersonName="Lisa Crispin"/>
  <ecoStat RevenuePerMile="0.006417054" SalespersonName="Ian Dees"/>
</ecoReport>