<?xml version="1.0" encoding="UTF-8"?>
<ecoReport>
  <ecoStat SalespersonName="David Allen" RevenuePerMile="0.9496676" />
  <ecoStat SalespersonName="Lisa Crispin" RevenuePerMile="4.572474" />
  <ecoStat SalespersonName="Ian Dees" RevenuePerMile="0.006417054" />
</ecoReport>